Command line invocation:
    /Applications/Xcode-26.2.0.app/Contents/Developer/usr/bin/xcodebuild -project window-switcher-mac.xcodeproj -scheme window-switcher-mac -configuration Debug test

Resolve Package Graph


Resolved source packages:
  HotKey: https://github.com/soffes/HotKey @ main (4d02d80)

--- xcodebuild: WARNING: Using the first of multiple matching destinations:
{ platform:macOS, arch:arm64, id:00006040-0018216C1A20801C, name:My Mac }
{ platform:macOS, arch:x86_64, id:00006040-0018216C1A20801C, name:My Mac }
{ platform:macOS, name:Any Mac }
ComputePackagePrebuildTargetDependencyGraph

Prepare packages

CreateBuildRequest

SendProjectDescription

CreateBuildOperation

ComputeTargetDependencyGraph
note: Building targets in dependency order
note: Target dependency graph (5 targets)
    Target 'window-switcher-macUITests' in project 'window-switcher-mac'
        ➜ Explicit dependency on target 'window-switcher-mac' in project 'window-switcher-mac'
    Target 'window-switcher-macTests' in project 'window-switcher-mac'
        ➜ Explicit dependency on target 'window-switcher-mac' in project 'window-switcher-mac'
    Target 'window-switcher-mac' in project 'window-switcher-mac'
        ➜ Explicit dependency on target 'HotKey' in project 'HotKey'
    Target 'HotKey' in project 'HotKey'
        ➜ Explicit dependency on target 'HotKey' in project 'HotKey'
    Target 'HotKey' in project 'HotKey' (no dependencies)

GatherProvisioningInputs

CreateBuildDescription

ClangStatCache /Applications/Xcode-26.2.0.app/Contents/Developer/Toolchains/XcodeDefault.xctoolchain/usr/bin/clang-stat-cache /Applications/Xcode-26.2.0.app/Contents/Developer/Platforms/MacOSX.platform/Developer/SDKs/MacOSX26.2.sdk /Users/beryu/Library/Developer/Xcode/DerivedData/SDKStatCaches.noindex/macosx26.2-25C57-8e261bc56bcf93cdf4ad792911627a89.sdkstatcache
    cd /Users/beryu/ghq/github.com/beryu/window-switcher-mac/window-switcher-mac.xcodeproj
    /Applications/Xcode-26.2.0.app/Contents/Developer/Toolchains/XcodeDefault.xctoolchain/usr/bin/clang-stat-cache /Applications/Xcode-26.2.0.app/Contents/Developer/Platforms/MacOSX.platform/Developer/SDKs/MacOSX26.2.sdk -o /Users/beryu/Library/Developer/Xcode/DerivedData/SDKStatCaches.noindex/macosx26.2-25C57-8e261bc56bcf93cdf4ad792911627a89.sdkstatcache

CodeSign /Applications/Debug/Debug/window-switcher-mac.app/Contents/Frameworks/libXCTestSwiftSupport.dylib (in target 'window-switcher-mac' from project 'window-switcher-mac')
    cd /Users/beryu/ghq/github.com/beryu/window-switcher-mac
    
    Signing Identity:     "Apple Development: Ryuta Kibe (Z2CDLAPFME)"
    
    /usr/bin/codesign --force --sign 6A27BD9F1E7AA6E9CA55A764C95FBB09C8C5ACCB -o runtime --timestamp\=none --preserve-metadata\=identifier,entitlements,flags --generate-entitlement-der /Applications/Debug/Debug/window-switcher-mac.app/Contents/Frameworks/libXCTestSwiftSupport.dylib
/Applications/Debug/Debug/window-switcher-mac.app/Contents/Frameworks/libXCTestSwiftSupport.dylib: replacing existing signature

CodeSign /Applications/Debug/Debug/window-switcher-mac.app/Contents/Frameworks/XCTestSupport.framework (in target 'window-switcher-mac' from project 'window-switcher-mac')
    cd /Users/beryu/ghq/github.com/beryu/window-switcher-mac
    
    Signing Identity:     "Apple Development: Ryuta Kibe (Z2CDLAPFME)"
    
    /usr/bin/codesign --force --sign 6A27BD9F1E7AA6E9CA55A764C95FBB09C8C5ACCB -o runtime --timestamp\=none --preserve-metadata\=identifier,entitlements,flags --generate-entitlement-der /Applications/Debug/Debug/window-switcher-mac.app/Contents/Frameworks/XCTestSupport.framework
/Applications/Debug/Debug/window-switcher-mac.app/Contents/Frameworks/XCTestSupport.framework: replacing existing signature

CodeSign /Applications/Debug/Debug/window-switcher-mac.app/Contents/Frameworks/XCUnit.framework (in target 'window-switcher-mac' from project 'window-switcher-mac')
    cd /Users/beryu/ghq/github.com/beryu/window-switcher-mac
    
    Signing Identity:     "Apple Development: Ryuta Kibe (Z2CDLAPFME)"
    
    /usr/bin/codesign --force --sign 6A27BD9F1E7AA6E9CA55A764C95FBB09C8C5ACCB -o runtime --timestamp\=none --preserve-metadata\=identifier,entitlements,flags --generate-entitlement-der /Applications/Debug/Debug/window-switcher-mac.app/Contents/Frameworks/XCUnit.framework
/Applications/Debug/Debug/window-switcher-mac.app/Contents/Frameworks/XCUnit.framework: replacing existing signature

CodeSign /Applications/Debug/Debug/window-switcher-mac.app/Contents/Frameworks/XCUIAutomation.framework (in target 'window-switcher-mac' from project 'window-switcher-mac')
    cd /Users/beryu/ghq/github.com/beryu/window-switcher-mac
    
    Signing Identity:     "Apple Development: Ryuta Kibe (Z2CDLAPFME)"
    
    /usr/bin/codesign --force --sign 6A27BD9F1E7AA6E9CA55A764C95FBB09C8C5ACCB -o runtime --timestamp\=none --preserve-metadata\=identifier,entitlements,flags --generate-entitlement-der /Applications/Debug/Debug/window-switcher-mac.app/Contents/Frameworks/XCUIAutomation.framework
/Applications/Debug/Debug/window-switcher-mac.app/Contents/Frameworks/XCUIAutomation.framework: replacing existing signature

CodeSign /Applications/Debug/Debug/window-switcher-mac.app/Contents/Frameworks/libXCTestBundleInject.dylib (in target 'window-switcher-mac' from project 'window-switcher-mac')
    cd /Users/beryu/ghq/github.com/beryu/window-switcher-mac
    
    Signing Identity:     "Apple Development: Ryuta Kibe (Z2CDLAPFME)"
    
    /usr/bin/codesign --force --sign 6A27BD9F1E7AA6E9CA55A764C95FBB09C8C5ACCB -o runtime --timestamp\=none --preserve-metadata\=identifier,entitlements,flags --generate-entitlement-der /Applications/Debug/Debug/window-switcher-mac.app/Contents/Frameworks/libXCTestBundleInject.dylib
/Applications/Debug/Debug/window-switcher-mac.app/Contents/Frameworks/libXCTestBundleInject.dylib: replacing existing signature

CodeSign /Applications/Debug/Debug/window-switcher-mac.app/Contents/Frameworks/XCTestCore.framework (in target 'window-switcher-mac' from project 'window-switcher-mac')
    cd /Users/beryu/ghq/github.com/beryu/window-switcher-mac
    
    Signing Identity:     "Apple Development: Ryuta Kibe (Z2CDLAPFME)"
    
    /usr/bin/codesign --force --sign 6A27BD9F1E7AA6E9CA55A764C95FBB09C8C5ACCB -o runtime --timestamp\=none --preserve-metadata\=identifier,entitlements,flags --generate-entitlement-der /Applications/Debug/Debug/window-switcher-mac.app/Contents/Frameworks/XCTestCore.framework
/Applications/Debug/Debug/window-switcher-mac.app/Contents/Frameworks/XCTestCore.framework: replacing existing signature

CodeSign /Applications/Debug/Debug/window-switcher-mac.app/Contents/Frameworks/XCTest.framework (in target 'window-switcher-mac' from project 'window-switcher-mac')
    cd /Users/beryu/ghq/github.com/beryu/window-switcher-mac
    
    Signing Identity:     "Apple Development: Ryuta Kibe (Z2CDLAPFME)"
    
    /usr/bin/codesign --force --sign 6A27BD9F1E7AA6E9CA55A764C95FBB09C8C5ACCB -o runtime --timestamp\=none --preserve-metadata\=identifier,entitlements,flags --generate-entitlement-der /Applications/Debug/Debug/window-switcher-mac.app/Contents/Frameworks/XCTest.framework
/Applications/Debug/Debug/window-switcher-mac.app/Contents/Frameworks/XCTest.framework: replacing existing signature

CodeSign /Applications/Debug/Debug/window-switcher-mac.app/Contents/Frameworks/XCTAutomationSupport.framework (in target 'window-switcher-mac' from project 'window-switcher-mac')
    cd /Users/beryu/ghq/github.com/beryu/window-switcher-mac
    
    Signing Identity:     "Apple Development: Ryuta Kibe (Z2CDLAPFME)"
    
    /usr/bin/codesign --force --sign 6A27BD9F1E7AA6E9CA55A764C95FBB09C8C5ACCB -o runtime --timestamp\=none --preserve-metadata\=identifier,entitlements,flags --generate-entitlement-der /Applications/Debug/Debug/window-switcher-mac.app/Contents/Frameworks/XCTAutomationSupport.framework
/Applications/Debug/Debug/window-switcher-mac.app/Contents/Frameworks/XCTAutomationSupport.framework: replacing existing signature

CodeSign /Applications/Debug/Debug/window-switcher-mac.app/Contents/Frameworks/Testing.framework (in target 'window-switcher-mac' from project 'window-switcher-mac')
    cd /Users/beryu/ghq/github.com/beryu/window-switcher-mac
    
    Signing Identity:     "Apple Development: Ryuta Kibe (Z2CDLAPFME)"
    
    /usr/bin/codesign --force --sign 6A27BD9F1E7AA6E9CA55A764C95FBB09C8C5ACCB -o runtime --timestamp\=none --preserve-metadata\=identifier,entitlements,flags --generate-entitlement-der /Applications/Debug/Debug/window-switcher-mac.app/Contents/Frameworks/Testing.framework
/Applications/Debug/Debug/window-switcher-mac.app/Contents/Frameworks/Testing.framework: replacing existing signature
/Applications/Debug/Debug/window-switcher-mac.app/Contents/Frameworks/Testing.framework: invalid or unsupported format for signature
In subcomponent: /Applications/Debug/Debug/window-switcher-mac.app/Contents/Frameworks/Testing.framework/Versions/A/Testing.cstemp
Command CodeSign failed with a nonzero exit code

SwiftDriver window-switcher-mac normal arm64 com.apple.xcode.tools.swift.compiler (in target 'window-switcher-mac' from project 'window-switcher-mac')
    cd /Users/beryu/ghq/github.com/beryu/window-switcher-mac
    builtin-SwiftDriver -- /Applications/Xcode-26.2.0.app/Contents/Developer/Toolchains/XcodeDefault.xctoolchain/usr/bin/swiftc -module-name window_switcher_mac -Onone -enforce-exclusivity\=checked @/Users/beryu/Desktop/Build/Intermediates.noindex/window-switcher-mac.build/Debug/window-switcher-mac.build/Objects-normal/arm64/window-switcher-mac.SwiftFileList -DDEBUG -enable-bare-slash-regex -enable-experimental-feature DebugDescriptionMacro -sdk /Applications/Xcode-26.2.0.app/Contents/Developer/Platforms/MacOSX.platform/Developer/SDKs/MacOSX26.2.sdk -target arm64-apple-macos14.0 -g -module-cache-path /Users/beryu/Library/Developer/Xcode/DerivedData/ModuleCache.noindex -Xfrontend -serialize-debugging-options -profile-coverage-mapping -profile-generate -enable-testing -index-store-path /Users/beryu/Library/Developer/Xcode/DerivedData/window-switcher-mac-bdfygvmaciiwelayeoqnohdnxamt/Index.noindex/DataStore -Xcc -D_LIBCPP_HARDENING_MODE\=_LIBCPP_HARDENING_MODE_DEBUG -swift-version 5 -I /Applications/Debug/Debug -F /Applications/Debug/Debug/PackageFrameworks -F /Applications/Debug/Debug -emit-localized-strings -emit-localized-strings-path /Users/beryu/Desktop/Build/Intermediates.noindex/window-switcher-mac.build/Debug/window-switcher-mac.build/Objects-normal/arm64 -c -j14 -enable-batch-mode -incremental -Xcc -ivfsstatcache -Xcc /Users/beryu/Library/Developer/Xcode/DerivedData/SDKStatCaches.noindex/macosx26.2-25C57-8e261bc56bcf93cdf4ad792911627a89.sdkstatcache -output-file-map /Users/beryu/Desktop/Build/Intermediates.noindex/window-switcher-mac.build/Debug/window-switcher-mac.build/Objects-normal/arm64/window-switcher-mac-OutputFileMap.json -use-frontend-parseable-output -save-temps -no-color-diagnostics -explicit-module-build -module-cache-path /Users/beryu/Desktop/Build/Intermediates.noindex/SwiftExplicitPrecompiledModules -clang-scanner-module-cache-path /Users/beryu/Library/Developer/Xcode/DerivedData/ModuleCache.noindex -sdk-module-cache-path /Users/beryu/Library/Developer/Xcode/DerivedData/ModuleCache.noindex -serialize-diagnostics -emit-dependencies -emit-module -emit-module-path /Users/beryu/Desktop/Build/Intermediates.noindex/window-switcher-mac.build/Debug/window-switcher-mac.build/Objects-normal/arm64/window_switcher_mac.swiftmodule -validate-clang-modules-once -clang-build-session-file /Users/beryu/Library/Developer/Xcode/DerivedData/ModuleCache.noindex/Session.modulevalidation -Xcc -I/Users/beryu/Desktop/Build/Intermediates.noindex/window-switcher-mac.build/Debug/window-switcher-mac.build/swift-overrides.hmap -emit-const-values -Xfrontend -const-gather-protocols-file -Xfrontend /Users/beryu/Desktop/Build/Intermediates.noindex/window-switcher-mac.build/Debug/window-switcher-mac.build/Objects-normal/arm64/window-switcher-mac_const_extract_protocols.json -Xcc -iquote -Xcc /Users/beryu/Desktop/Build/Intermediates.noindex/window-switcher-mac.build/Debug/window-switcher-mac.build/window-switcher-mac-generated-files.hmap -Xcc -I/Users/beryu/Desktop/Build/Intermediates.noindex/window-switcher-mac.build/Debug/window-switcher-mac.build/window-switcher-mac-own-target-headers.hmap -Xcc -I/Users/beryu/Desktop/Build/Intermediates.noindex/window-switcher-mac.build/Debug/window-switcher-mac.build/window-switcher-mac-all-non-framework-target-headers.hmap -Xcc -ivfsoverlay -Xcc /Users/beryu/Desktop/Build/Intermediates.noindex/window-switcher-mac.build/Debug/window-switcher-mac-f503dc54e912928934943b210cb3e8c5-VFS/all-product-headers.yaml -Xcc -iquote -Xcc /Users/beryu/Desktop/Build/Intermediates.noindex/window-switcher-mac.build/Debug/window-switcher-mac.build/window-switcher-mac-project-headers.hmap -Xcc -I/Applications/Debug/Debug/include -Xcc -I/Users/beryu/Desktop/Build/Intermediates.noindex/window-switcher-mac.build/Debug/window-switcher-mac.build/DerivedSources-normal/arm64 -Xcc -I/Users/beryu/Desktop/Build/Intermediates.noindex/window-switcher-mac.build/Debug/window-switcher-mac.build/DerivedSources/arm64 -Xcc -I/Users/beryu/Desktop/Build/Intermediates.noindex/window-switcher-mac.build/Debug/window-switcher-mac.build/DerivedSources -Xcc -DDEBUG\=1 -emit-objc-header -emit-objc-header-path /Users/beryu/Desktop/Build/Intermediates.noindex/window-switcher-mac.build/Debug/window-switcher-mac.build/Objects-normal/arm64/window_switcher_mac-Swift.h -working-directory /Users/beryu/ghq/github.com/beryu/window-switcher-mac -experimental-emit-module-separately -disable-cmo


Test session results, code coverage, and logs:
	/Users/beryu/Library/Developer/Xcode/DerivedData/window-switcher-mac-bdfygvmaciiwelayeoqnohdnxamt/Logs/Test/Test-window-switcher-mac-2026.01.25_07-21-51-+0900.xcresult

Testing failed:
	Command CodeSign failed with a nonzero exit code
	Testing cancelled because the build failed.

** TEST FAILED **


The following build commands failed:
	CodeSign /Applications/Debug/Debug/window-switcher-mac.app/Contents/Frameworks/Testing.framework (in target 'window-switcher-mac' from project 'window-switcher-mac')
	Testing project window-switcher-mac with scheme window-switcher-mac
(2 failures)
